// Jest Snapshot v1, https://goo.gl/fbAQLP

exports[`Testing  test renders correctly 1`] = `
<View>
  <Text>
    Ok
  </Text>
</View>
`;
